// Jest Snapshot v1, https://goo.gl/fbAQLP

exports[`<FormSignUp /> should render the form 1`] = `
.c4 {
  display: inline-block;
  vertical-align: middle;
  overflow: hidden;
}

.c2 {
  display: -webkit-box;
  display: -webkit-flex;
  display: -ms-flexbox;
  display: flex;
  -webkit-align-items: center;
  -webkit-box-align: center;
  -ms-flex-align: center;
  align-items: center;
  background: #EAEAEA;
  border-radius: 0.2rem;
  padding: 0 1.6rem;
  border: 0.2rem solid;
  border-color: #EAEAEA;
}

.c2:focus-within {
  box-shadow: 0 0 0.5rem #F231A5;
}

.c5 {
  color: #030517;
  font-family: Poppins,-apple-system,BlinkMacSystemFont,'Segoe UI',Roboto,Oxygen,Ubuntu,Cantarell,'Open Sans','Helvetica Neue',sans-serif;
  font-size: 1.6rem;
  padding: 0.8rem 0;
  padding-left: 2.4rem;
  background: transparent;
  border: 0;
  outline: none;
  width: 100%;
}

.c5:-webkit-autofill {
  -webkit-box-shadow: 0 0 0 2.4rem #EAEAEA inset;
  -webkit-filter: none;
  filter: none;
}

.c5:-webkit-autofill::first-line {
  font-family: Poppins,-apple-system,BlinkMacSystemFont,'Segoe UI',Roboto,Oxygen,Ubuntu,Cantarell,'Open Sans','Helvetica Neue',sans-serif;
  font-size: 1.6rem;
}

.c3 {
  display: -webkit-box;
  display: -webkit-flex;
  display: -ms-flexbox;
  display: flex;
  color: #8F8F8F;
  -webkit-order: 0;
  -ms-flex-order: 0;
  order: 0;
}

.c3 > svg {
  width: 2.2rem;
  max-height: 100%;
}

.c9 {
  display: -webkit-inline-box;
  display: -webkit-inline-flex;
  display: -ms-inline-flexbox;
  display: inline-flex;
  -webkit-align-items: center;
  -webkit-box-align: center;
  -ms-flex-align: center;
  align-items: center;
  -webkit-box-pack: center;
  -webkit-justify-content: center;
  -ms-flex-pack: center;
  justify-content: center;
  background: linear-gradient(180deg,#ff5f5f 0%,#f062c0 50%);
  color: #FAFAFA;
  border: 0;
  cursor: pointer;
  border-radius: 0.4rem;
  padding: 0.8rem;
  -webkit-text-decoration: none;
  text-decoration: none;
  height: 5rem;
  font-size: 1.6rem;
  padding: 0.8rem 4.8rem;
  width: 100%;
}

.c9 > span {
  white-space: nowrap;
}

.c9:hover {
  background: linear-gradient(180deg,#e35565 0%,#d958ab 50%);
}

.c9:focus {
  outline-offset: 0.4rem;
  outline: 0.2rem solid #F231A5;
}

.c9:focus:not(:focus-visible) {
  outline: none;
}

.c0 .c1 {
  margin: 0.8rem 0;
}

.c0 .c8 {
  margin: 3.2rem auto 1.6rem;
}

.c10 {
  font-size: 1.4rem;
  color: #030517;
  text-align: center;
}

.c10 a {
  color: #3CD3C1;
  -webkit-text-decoration: none;
  text-decoration: none;
  border-bottom: 0.1rem solid #3CD3C1;
  -webkit-transition: color,border,0.1s ease-in-out;
  transition: color,border,0.1s ease-in-out;
}

.c10 a:hover {
  color: #29b3a3;
  border-bottom: 0.1rem solid #29b3a3;
}

.c6 {
  color: #030517;
  font-family: Poppins,-apple-system,BlinkMacSystemFont,'Segoe UI',Roboto,Oxygen,Ubuntu,Cantarell,'Open Sans','Helvetica Neue',sans-serif;
  font-size: 1.6rem;
  padding: 0.8rem 0;
  padding-left: 2.4rem;
  background: transparent;
  border: 0;
  outline: none;
  width: 100%;
  padding-left: 2.4rem;
  padding-right: 2.4rem;
  width: calc(100% - 4.4rem);
  -webkit-letter-spacing: 0.17rem;
  -moz-letter-spacing: 0.17rem;
  -ms-letter-spacing: 0.17rem;
  letter-spacing: 0.17rem;
  font-weight: 600;
}

.c6:-webkit-autofill {
  -webkit-box-shadow: 0 0 0 2.4rem #EAEAEA inset;
  -webkit-filter: none;
  filter: none;
}

.c6:-webkit-autofill::first-line {
  font-family: Poppins,-apple-system,BlinkMacSystemFont,'Segoe UI',Roboto,Oxygen,Ubuntu,Cantarell,'Open Sans','Helvetica Neue',sans-serif;
  font-size: 1.6rem;
}

.c6::-webkit-input-placeholder {
  -webkit-letter-spacing: 0;
  -moz-letter-spacing: 0;
  -ms-letter-spacing: 0;
  letter-spacing: 0;
  font-weight: 400;
}

.c6::-moz-placeholder {
  -webkit-letter-spacing: 0;
  -moz-letter-spacing: 0;
  -ms-letter-spacing: 0;
  letter-spacing: 0;
  font-weight: 400;
}

.c6:-ms-input-placeholder {
  -webkit-letter-spacing: 0;
  -moz-letter-spacing: 0;
  -ms-letter-spacing: 0;
  letter-spacing: 0;
  font-weight: 400;
}

.c6::placeholder {
  -webkit-letter-spacing: 0;
  -moz-letter-spacing: 0;
  -ms-letter-spacing: 0;
  letter-spacing: 0;
  font-weight: 400;
}

.c7 {
  display: -webkit-box;
  display: -webkit-flex;
  display: -ms-flexbox;
  display: flex;
  color: #8F8F8F;
  -webkit-order: 0;
  -ms-flex-order: 0;
  order: 0;
  -webkit-order: 1;
  -ms-flex-order: 1;
  order: 1;
  color: #b7b7b7;
  cursor: pointer;
  opacity: 1;
  -webkit-transition: opacity 0.3s ease-in-out;
  transition: opacity 0.3s ease-in-out;
  opacity: 0;
  pointer-events: none;
}

.c7 > svg {
  width: 2.2rem;
  max-height: 100%;
}

.c7:hover {
  color: #8F8F8F;
  -webkit-transition: 0.1s ease-in-out;
  transition: 0.1s ease-in-out;
}

<body>
  <div>
    <div
      class="c0"
    >
      <form>
        <div
          class="c1 "
        >
          <div
            class="c2"
          >
            <div
              class="c3"
            >
              <svg
                aria-hidden="true"
                class="c4"
                fill="currentColor"
                focusable="false"
                viewBox="0 0 24 24"
                xmlns="http://www.w3.org/2000/svg"
              >
                <path
                  d="M0 0h24v24H0V0z"
                  fill="none"
                />
                <path
                  d="M12 2C6.48 2 2 6.48 2 12s4.48 10 10 10 10-4.48 10-10S17.52 2 12 2zM7.07 18.28c.43-.9 3.05-1.78 4.93-1.78s4.51.88 4.93 1.78C15.57 19.36 13.86 20 12 20s-3.57-.64-4.93-1.72zm11.29-1.45c-1.43-1.74-4.9-2.33-6.36-2.33s-4.93.59-6.36 2.33A7.95 7.95 0 014 12c0-4.41 3.59-8 8-8s8 3.59 8 8c0 1.82-.62 3.49-1.64 4.83zM12 6c-1.94 0-3.5 1.56-3.5 3.5S10.06 13 12 13s3.5-1.56 3.5-3.5S13.94 6 12 6zm0 5c-.83 0-1.5-.67-1.5-1.5S11.17 8 12 8s1.5.67 1.5 1.5S12.83 11 12 11z"
                />
              </svg>
            </div>
            <input
              aria-busy="false"
              aria-invalid="false"
              aria-live="polite"
              class="c5"
              name="username"
              placeholder="Username"
              type="text"
              value=""
            />
          </div>
        </div>
        <div
          class="c1 "
        >
          <div
            class="c2"
          >
            <div
              class="c3"
            >
              <svg
                aria-hidden="true"
                class="c4"
                fill="currentColor"
                focusable="false"
                viewBox="0 0 24 24"
                xmlns="http://www.w3.org/2000/svg"
              >
                <path
                  d="M0 0h24v24H0V0z"
                  fill="none"
                />
                <path
                  d="M22 6c0-1.1-.9-2-2-2H4c-1.1 0-2 .9-2 2v12c0 1.1.9 2 2 2h16c1.1 0 2-.9 2-2V6zm-2 0l-8 5-8-5h16zm0 12H4V8l8 5 8-5v10z"
                />
              </svg>
            </div>
            <input
              aria-busy="false"
              aria-invalid="false"
              aria-live="polite"
              class="c5"
              name="email"
              placeholder="Email"
              type="email"
              value=""
            />
          </div>
        </div>
        <div
          class="c1 "
        >
          <div
            class="c2"
          >
            <div
              class="c3"
            >
              <svg
                aria-hidden="true"
                class="c4"
                fill="currentColor"
                focusable="false"
                viewBox="0 0 24 24"
                xmlns="http://www.w3.org/2000/svg"
              >
                <g
                  fill="none"
                >
                  <path
                    d="M0 0h24v24H0V0z"
                  />
                  <path
                    d="M0 0h24v24H0V0z"
                    opacity="0.87"
                  />
                </g>
                <path
                  d="M18 8h-1V6c0-2.76-2.24-5-5-5S7 3.24 7 6v2H6c-1.1 0-2 .9-2 2v10c0 1.1.9 2 2 2h12c1.1 0 2-.9 2-2V10c0-1.1-.9-2-2-2zM9 6c0-1.66 1.34-3 3-3s3 1.34 3 3v2H9V6zm9 14H6V10h12v10zm-6-3c1.1 0 2-.9 2-2s-.9-2-2-2-2 .9-2 2 .9 2 2 2z"
                />
              </svg>
            </div>
            <input
              aria-busy="false"
              aria-invalid="false"
              aria-live="polite"
              class="c6"
              name="password"
              placeholder="Password"
              type="password"
              value=""
            />
            <div
              class="c7"
            >
              <svg
                aria-label="Show password"
                class="c4"
                fill="currentColor"
                focusable="false"
                role="img"
                viewBox="0 0 16 16"
                xmlns="http://www.w3.org/2000/svg"
              >
                <title>
                  Show password
                </title>
                <path
                  d="M16 8s-3-5.5-8-5.5S0 8 0 8s3 5.5 8 5.5S16 8 16 8zM1.173 8a13.133 13.133 0 011.66-2.043C4.12 4.668 5.88 3.5 8 3.5c2.12 0 3.879 1.168 5.168 2.457A13.133 13.133 0 0114.828 8c-.058.087-.122.183-.195.288-.335.48-.83 1.12-1.465 1.755C11.879 11.332 10.119 12.5 8 12.5c-2.12 0-3.879-1.168-5.168-2.457A13.134 13.134 0 011.172 8z"
                />
                <path
                  d="M8 5.5a2.5 2.5 0 100 5 2.5 2.5 0 000-5zM4.5 8a3.5 3.5 0 117 0 3.5 3.5 0 01-7 0z"
                />
              </svg>
            </div>
          </div>
        </div>
        <div
          class="c1 "
        >
          <div
            class="c2"
          >
            <div
              class="c3"
            >
              <svg
                aria-hidden="true"
                class="c4"
                fill="currentColor"
                focusable="false"
                viewBox="0 0 24 24"
                xmlns="http://www.w3.org/2000/svg"
              >
                <g
                  fill="none"
                >
                  <path
                    d="M0 0h24v24H0V0z"
                  />
                  <path
                    d="M0 0h24v24H0V0z"
                    opacity="0.87"
                  />
                </g>
                <path
                  d="M18 8h-1V6c0-2.76-2.24-5-5-5S7 3.24 7 6v2H6c-1.1 0-2 .9-2 2v10c0 1.1.9 2 2 2h12c1.1 0 2-.9 2-2V10c0-1.1-.9-2-2-2zM9 6c0-1.66 1.34-3 3-3s3 1.34 3 3v2H9V6zm9 14H6V10h12v10zm-6-3c1.1 0 2-.9 2-2s-.9-2-2-2-2 .9-2 2 .9 2 2 2z"
                />
              </svg>
            </div>
            <input
              aria-busy="false"
              aria-invalid="false"
              aria-live="polite"
              class="c6"
              name="confirm_password"
              placeholder="Confirm password"
              type="password"
              value=""
            />
            <div
              class="c7"
            >
              <svg
                aria-label="Show password"
                class="c4"
                fill="currentColor"
                focusable="false"
                role="img"
                viewBox="0 0 16 16"
                xmlns="http://www.w3.org/2000/svg"
              >
                <title>
                  Show password
                </title>
                <path
                  d="M16 8s-3-5.5-8-5.5S0 8 0 8s3 5.5 8 5.5S16 8 16 8zM1.173 8a13.133 13.133 0 011.66-2.043C4.12 4.668 5.88 3.5 8 3.5c2.12 0 3.879 1.168 5.168 2.457A13.133 13.133 0 0114.828 8c-.058.087-.122.183-.195.288-.335.48-.83 1.12-1.465 1.755C11.879 11.332 10.119 12.5 8 12.5c-2.12 0-3.879-1.168-5.168-2.457A13.134 13.134 0 011.172 8z"
                />
                <path
                  d="M8 5.5a2.5 2.5 0 100 5 2.5 2.5 0 000-5zM4.5 8a3.5 3.5 0 117 0 3.5 3.5 0 01-7 0z"
                />
              </svg>
            </div>
          </div>
        </div>
        <button
          class="c8 c9"
          type="submit"
        >
          <span>
            <span>
              Sign up now
            </span>
          </span>
        </button>
        <div
          class="c10"
        >
          Already have an account?
           
          <a
            href="/sign-in"
          >
            Sign in
          </a>
        </div>
      </form>
    </div>
  </div>
</body>
`
